deploy-to-gtr: cloning gdoteof/chuggy-fabric
deploy-to-gtr: releasing e9a6136e over 1e986583
deploy-to-gtr: gating e9a6136e with every gate
ci: full run (CHUG_CI_FULL=1)

--- doc-lint
doc-lint: 0 error(s), 0 warning(s) across 21 file(s)

--- check-figures
check-figures: 0 finding(s) across 103 file(s)

--- check-paths
check-paths: 0 finding(s) across 1221 path claim(s) in 1163 file(s)

--- check-shell-quoting
check-shell-quoting: no quote-in-default expansions

--- check-duplication
check-duplication: no clones (1039 files)

--- check-console-sheets
check-console-sheets: 0 finding(s) across 31 sheet(s)

--- check-gates
check-gates: 0 gate(s) without a suite, across 23 gate(s)

--- check-comments
check-comments: 0 finding(s) across 910 file(s)

--- check-knowledge
check-knowledge: 0 finding(s) across 0 landed row(s) and 0 heading(s) in 0 design doc(s)

--- check-roster
check-roster: 8 declared practice(s) resolve

--- shell suites
ci: cap 60s per suite, 120s total
  - .chug/tasks/check-boundaries.test.sh
  - .chug/tasks/check-comments.test.sh
  - .chug/tasks/check-conformance.test.sh
  - .chug/tasks/check-console-sheets.test.sh
  - .chug/tasks/check-console.test.sh
  - .chug/tasks/check-duplication.test.sh
  - .chug/tasks/check-figures.test.sh
  - .chug/tasks/check-gates.test.sh
  - .chug/tasks/check-keto.test.sh
  - .chug/tasks/check-knowledge.test.sh
  - .chug/tasks/check-model-api.test.sh
  - .chug/tasks/check-model.test.sh
  - .chug/tasks/check-paths.test.sh
  - .chug/tasks/check-postgres.test.sh
  - .chug/tasks/check-queries.test.sh
  - .chug/tasks/check-random.test.sh
  - .chug/tasks/check-roster.test.sh
  - .chug/tasks/check-shell-quoting.test.sh
  - .chug/tasks/check-source.test.sh
  - .chug/tasks/ci.test.sh
  - .chug/tasks/doc-lint.test.sh
  - .chug/tasks/emit-goldens.test.sh
  - .githooks/pre-commit.test.sh
  - deploy/rig/deploy-to-gtr.test.sh
  - deploy/rig/durability/rehearse.test.sh
  - deploy/rig/git/pre-receive.test.sh
  - deploy/rig/images/build-and-import.test.sh
ci: suites finished in 108s

--- check-boundaries
check-boundaries: graph clean across 1059 module(s)

--- check-source static
  residue  : clean
  typecheck: clean
  browser  : clean
  lint     : clean
  format   : clean
check-source: 0 stage(s) failed, 5 run

--- check-source unit
  unit     : clean
check-source: unit ran 208 suite(s); 152 left to check-conformance, check-random, check-postgres, check-keto and check-console
check-source: 0 stage(s) failed, 1 run

--- check-console
check-console: 5 script(s) clean across 1 built console(s)

--- check-conformance
check-conformance: 11 golden(s), 190 step(s) replayed clean, records, states and bundle

--- check-random
check-random: 1 instance(s), 2000 run(s), 80000 step(s) walked clean against the bundle and the completion accumulator

--- check-postgres
check-postgres: reusing chuggy-check-postgres on port 55432
......................................
......
.....
..........
..............
.................
......
.....

....
......
...................
.........
.........
...
.....................
.................
.......
.......................
........
...........................
................
...
..
...........
......
........
.
.....
...........
............
..............
.........................

...........
.......
.........
...............
..
.........
..
.
.
.....................
................
.....
...................

.............
.....
.....................
........................
.............
..
..................................
...
.............
....
.........................................
..
...........
.......
.............

....
..
.......
................
..........
..................
..................
...
...............................
..
....
......
.......
...............
...
.......
.........
......
....................
....................
.......
.......
....................
..................
....................
.....
....................
.
...
....................
.
......
..........
.......
check-postgres: 76 suite(s) clean against postgres:18-alpine with 4 worker(s)

--- check-queries
check-queries: reusing chuggy-check-postgres on port 55432
check-queries: src/adapters/postgres agrees with postgres:18-alpine

--- check-keto
check-keto: reusing chuggy-check-keto on ports 54466 and 54467
check-keto: reusing chuggy-check-postgres on port 55432
....................
.
check-keto: 4 suite(s) clean against oryd/keto:v26.2.0 and postgres:18-alpine

--- check-model
--- typecheck
--- unit suite
--- witnesses
--- refinement
--- invariants (randomized)
check-model: 0 failure(s), 114 test(s) run

--- check-model-api
check-model-api: generated API is current

ci: all gates clean
deploy-to-gtr: building api:e9a6136e
--- registry.chuggy.internal/chuggy/api:e9a6136e
#0 building with "default" instance using docker driver

#1 [internal] load build definition from Dockerfile
#1 transferring dockerfile: 6.09kB done
#1 DONE 0.0s

#2 [internal] load metadata for docker.io/library/node:26.7.0-trixie-slim@sha256:4ebb5ace66f15a24c14c492e01a8beeed4fddf970a856109f5126e703e5fe503
#2 DONE 0.0s

#3 [internal] load metadata for docker.io/library/node:26.7.0-trixie@sha256:40fd8249a701dab7431d15074ac4cf4f1c18eecd713807599cd76a7a6caad48b
#3 DONE 0.0s

#4 [internal] load .dockerignore
#4 transferring context: 266B done
#4 DONE 0.0s

#5 [dependencies 1/4] FROM docker.io/library/node:26.7.0-trixie-slim@sha256:4ebb5ace66f15a24c14c492e01a8beeed4fddf970a856109f5126e703e5fe503
#5 DONE 0.0s

#6 [certificates 1/1] FROM docker.io/library/node:26.7.0-trixie@sha256:40fd8249a701dab7431d15074ac4cf4f1c18eecd713807599cd76a7a6caad48b
#6 DONE 0.0s

#7 [internal] load build context
#7 transferring context: 3.57MB 0.0s done
#7 DONE 0.0s

#8 [dependencies 4/4] RUN npm ci --omit=dev --ignore-scripts
#8 CACHED

#9 [dependencies 2/4] WORKDIR /srv/chuggy
#9 CACHED

#10 [stage-2 3/7] RUN sed -i 's|http://deb.debian.org|https://deb.debian.org|g' 		/etc/apt/sources.list.d/debian.sources 	&& apt-get -o Acquire::https::CAInfo=/tmp/seed-ca-certificates.crt update 	&& apt-get -o Acquire::https::CAInfo=/tmp/seed-ca-certificates.crt 		install -y --no-install-recommends git ca-certificates 	&& rm -rf /var/lib/apt/lists/* /tmp/seed-ca-certificates.crt
#10 CACHED

#11 [stage-2 5/7] COPY --from=dependencies /srv/chuggy/node_modules ./node_modules
#11 CACHED

#12 [stage-2 2/7] COPY --from=certificates /etc/ssl/certs/ca-certificates.crt /tmp/seed-ca-certificates.crt
#12 CACHED

#13 [stage-2 4/7] WORKDIR /srv/chuggy
#13 CACHED

#14 [dependencies 3/4] COPY package.json package-lock.json ./
#14 CACHED

#15 [stage-2 6/7] COPY package.json ./
#15 CACHED

#16 [stage-2 7/7] COPY src ./src
#16 DONE 0.0s

#17 exporting to image
#17 exporting layers 0.0s done
#17 writing image sha256:079bec6262c35fb546adcf2f616a38353d244502f4d873555f93bb6d8fb65b41 done
#17 naming to registry.chuggy.internal/chuggy/api:e9a6136e done
#17 DONE 0.0s
registry.chuggy.internal/chuggy/api:e9a6	saved	
application/vnd.oci.image.manifest.v1+json sha256:eeba636eef24cc0d80156bf57794f5ce59b018bdf795a6acb3ef1df43d4d58a0
Importing	elapsed: 33.4s	total:   0.0 B	(0.0 B/s)	
build-and-import: the node holds registry.chuggy.internal/chuggy/api:e9a6136e
build-and-import: every image named on this run is on the node at tag e9a6136e
deploy-to-gtr: building chuggy-ui:e9a6136e
--- registry.chuggy.internal/chuggy/chuggy-ui:e9a6136e
#0 building with "default" instance using docker driver

#1 [internal] load build definition from Dockerfile
#1 transferring dockerfile: 2.19kB done
#1 DONE 0.0s

#2 [internal] load metadata for docker.io/library/node:26.7.0-trixie-slim@sha256:4ebb5ace66f15a24c14c492e01a8beeed4fddf970a856109f5126e703e5fe503
#2 DONE 0.0s

#3 [internal] load metadata for docker.io/library/nginx:1.31.4-alpine3.24@sha256:db35bfc6b2951e7f8a72db5db120288c127ffaeeb4a6d4b95a26fead017d5913
#3 DONE 0.0s

#4 [internal] load .dockerignore
#4 transferring context: 266B done
#4 DONE 0.0s

#5 [build 1/9] FROM docker.io/library/node:26.7.0-trixie-slim@sha256:4ebb5ace66f15a24c14c492e01a8beeed4fddf970a856109f5126e703e5fe503
#5 DONE 0.0s

#6 [stage-1 1/4] FROM docker.io/library/nginx:1.31.4-alpine3.24@sha256:db35bfc6b2951e7f8a72db5db120288c127ffaeeb4a6d4b95a26fead017d5913
#6 DONE 0.0s

#7 [internal] load build context
#7 transferring context: 3.23MB 0.0s done
#7 DONE 0.0s

#8 [build 4/9] COPY ui/chuggy-ui/package.json ui/chuggy-ui/package.json
#8 CACHED

#9 [build 2/9] WORKDIR /workspace
#9 CACHED

#10 [build 3/9] COPY package.json package-lock.json ./
#10 CACHED

#11 [build 5/9] RUN npm ci --ignore-scripts
#11 CACHED

#12 [build 6/9] COPY scripts/check-console-policy.ts scripts/console-policy.ts scripts/
#12 CACHED

#13 [build 7/9] COPY src/contract src/contract
#13 DONE 0.0s

#14 [build 8/9] COPY ui/chuggy-ui ui/chuggy-ui
#14 DONE 0.0s

#15 [build 9/9] RUN npm run build --workspace=chuggy-ui
#15 0.218 
#15 0.218 > build
#15 0.218 > vite build && node ../../scripts/check-console-policy.ts dist
#15 0.218 
#15 0.357 vite v8.2.2 building client environment for production...
#15 0.362 transforming...
#15 0.481 ✓ 1131 modules transformed.
#15 0.524 rendering chunks...
#15 0.614 computing gzip size...
#15 0.624 dist/index.html                     0.45 kB │ gzip:   0.28 kB
#15 0.624 dist/assets/index-Cydcpyim.css     38.91 kB │ gzip:   8.33 kB
#15 0.624 dist/assets/index-CoTSSmus.js   1,031.98 kB │ gzip: 309.22 kB
#15 0.624 
#15 0.624 ✓ built in 266ms
#15 0.624 [plugin builtin:vite-reporter] 
#15 0.624 (!) Some chunks are larger than 500 kB after minification. Consider:
#15 0.624 - Using dynamic import() to code-split the application
#15 0.624 - Use build.rolldownOptions.output.codeSplitting to improve chunking: https://rolldown.rs/reference/OutputOptions.codeSplitting
#15 0.624 - Adjust chunk size limit for this warning via build.chunkSizeWarningLimit.
#15 0.685 check-console-policy: /workspace/ui/chuggy-ui/dist/index.html loads only same-origin files, and /workspace/ui/chuggy-ui/dist/assets/index-Cydcpyim.css declares properties, tokens, base, ui, page, utilities in that order
#15 0.690 npm notice
#15 0.690 npm notice New major version of npm available! 11.19.0 -> 12.0.2
#15 0.690 npm notice Changelog: https://github.com/npm/cli/releases/tag/v12.0.2
#15 0.690 npm notice To update run: npm install -g npm@12.0.2
#15 0.690 npm notice
#15 DONE 0.7s

#16 [stage-1 2/4] COPY images/chuggy-ui/nginx.conf /etc/nginx/nginx.conf
#16 CACHED

#17 [stage-1 3/4] COPY --from=build /workspace/ui/chuggy-ui/dist/ /usr/share/nginx/html/
#17 DONE 0.0s

#18 [stage-1 4/4] RUN mkdir -p /etc/chuggy/web
#18 DONE 0.1s

#19 exporting to image
#19 exporting layers done
#19 writing image sha256:529e8ae3e4f68ccb2372a5403926c1822257caf2e5613232fbe81751ea27039e done
#19 naming to registry.chuggy.internal/chuggy/chuggy-ui:e9a6136e done
#19 DONE 0.0s
registry.chuggy.internal/chuggy/chuggy u	saved	
application/vnd.oci.image.manifest.v1+json sha256:da2c1e2c6ed64271d7527f8201f705fbce6247bd8db0e4298b6aa8de2b448591
Importing	elapsed: 5.7 s	total:   0.0 B	(0.0 B/s)	
build-and-import: the node holds registry.chuggy.internal/chuggy/chuggy-ui:e9a6136e
build-and-import: every image named on this run is on the node at tag e9a6136e
deploy-to-gtr: api:e9a6136e is sha256:eeba636eef24cc0d80156bf57794f5ce59b018bdf795a6acb3ef1df43d4d58a0
deploy-to-gtr: web:chuggy-ui-e9a6136e is sha256:da2c1e2c6ed64271d7527f8201f705fbce6247bd8db0e4298b6aa8de2b448591
remote: 
remote: Create a pull request for 'release/chuggy-e9a6136e' on GitHub by visiting:        
remote:      https://github.com/gdoteof/chuggy-fabric/pull/new/release/chuggy-e9a6136e        
remote: 
deploy-to-gtr: pull request https://github.com/gdoteof/chuggy-fabric/pull/290
deploy-to-gtr: not merged. Review it, then land it and roll it out with:
deploy-to-gtr:   CHUG_RIG_SSH=geoff@192.168.0.114 deploy/rig/deploy-to-gtr.sh --merge
