ci: changed run (changes since e5f7b3d354dbbd5cb047f2a1d1d2066f6dd465f1)

--- doc-lint: SKIPPED (no relevant changes)

--- check-figures: SKIPPED (no relevant changes)

--- check-paths
check-paths: 0 finding(s) across 1207 path claim(s) in 1159 file(s)

--- check-shell-quoting: SKIPPED (no relevant changes)

--- check-duplication
check-duplication: no clones (1036 files)

--- check-console-sheets: SKIPPED (no relevant changes)

--- check-gates: SKIPPED (no relevant changes)

--- check-comments
check-comments: 0 finding(s) across 907 file(s)

--- check-knowledge: SKIPPED (no relevant changes)

--- check-roster: SKIPPED (no relevant changes)

--- shell suites
ci: no shell suites selected

--- check-boundaries
check-boundaries: graph clean across 1056 module(s)

--- check-source static
  residue  : clean
  typecheck: clean
  browser  : clean
  lint     : clean
  format   : clean
check-source: 0 stage(s) failed, 5 run

--- check-source unit
  unit     : clean
check-source: unit ran 208 suite(s); 152 left to check-conformance, check-random, check-postgres, check-keto and check-console
check-source: 0 stage(s) failed, 1 run

--- check-console: SKIPPED (no relevant changes)

--- check-conformance: SKIPPED (no relevant changes)

--- check-random: SKIPPED (no relevant changes)

--- check-postgres
check-postgres: reusing chuggy-check-postgres on port 55432
.........................
......................
.
...........
........
....
............
.
.....
..................
.................
......
...
......
...............
........................................

.
.
.............
..............
.......
.......
.......................
........
..........................
.....

.
...........
.....................................
..
.......................
....
...
................
.............
.....
.............................
..
...
.
..........
........
.........
......
.
.....
..
............................

.....
..............
.....................
...........
................................
....
..............................
...
.................
........
............
........
.............
.......
.................................
.....
...
............

........
.............
.
..........
.........
.....
........
............
...........
....................
...............
......
....................
..................
....................
.....
....................
.
...
....................
.
......
..........
.......
check-postgres: 75 suite(s) clean against postgres:18-alpine with 4 worker(s)

--- check-queries
check-queries: reusing chuggy-check-postgres on port 55432
check-queries: src/adapters/postgres agrees with postgres:18-alpine

--- check-keto
check-keto: reusing chuggy-check-keto on ports 54466 and 54467
check-keto: reusing chuggy-check-postgres on port 55432
....................
.
check-keto: 4 suite(s) clean against oryd/keto:v26.2.0 and postgres:18-alpine

--- check-model: SKIPPED (no relevant changes)

--- check-model-api: SKIPPED (no relevant changes)

ci: all gates clean
ci exit 0
