ci: changed run (changes since 62574ae800133056f23b7004a133490c3dc046e1)

--- doc-lint: SKIPPED (no relevant changes)

--- check-figures: SKIPPED (no relevant changes)

--- check-paths
check-paths: 0 finding(s) across 1212 path claim(s) in 1159 file(s)

--- check-shell-quoting: SKIPPED (no relevant changes)

--- check-duplication
check-duplication: no clones (1037 files)

--- check-console-sheets: SKIPPED (no relevant changes)

--- check-gates: SKIPPED (no relevant changes)

--- check-comments
check-comments: 0 finding(s) across 907 file(s)

--- check-knowledge: SKIPPED (no relevant changes)

--- check-roster: SKIPPED (no relevant changes)

--- shell suites
ci: no shell suites selected

--- check-boundaries
check-boundaries: graph clean across 1056 module(s)

--- check-source static
  residue  : clean
  typecheck: clean
  browser  : clean
  lint     : clean
  format   : clean
check-source: 0 stage(s) failed, 5 run

--- check-source unit
  unit     : clean
check-source: unit ran 207 suite(s); 152 left to check-conformance, check-random, check-postgres, check-keto and check-console
check-source: 0 stage(s) failed, 1 run

--- check-console
check-console: 5 script(s) clean across 1 built console(s)

--- check-conformance: SKIPPED (no relevant changes)

--- check-random: SKIPPED (no relevant changes)

--- check-postgres
check-postgres: reusing chuggy-check-postgres on port 55432
.................................
..............
.
............
.............
.................
......
...
..
....
......
...................
........
...........
.
.......................
.................
......
.................
.........................
...........
................
..........

.........
........
...........
....
.
.........
.................
..............
.........................

........
..
.................
...
..........
.......
.....
.
.
.............................
.......
...
....................
...

.................
.....................
.........................
.............
.
.................................
...........
......
....
.........................................
..
.........
..
........
........
.....
.....
.......
........
....................
...................
...........
.......
............................
.......

........
......
........
...............
..
.........
.....
....................
.............
......
....................
..................
....................
.....
....................
.
...
....................
.
......
..........
.......
check-postgres: 76 suite(s) clean against postgres:18-alpine with 4 worker(s)

--- check-queries: SKIPPED (no relevant changes)

--- check-keto
check-keto: reusing chuggy-check-keto on ports 54466 and 54467
check-keto: reusing chuggy-check-postgres on port 55432
....................
.
check-keto: 4 suite(s) clean against oryd/keto:v26.2.0 and postgres:18-alpine

--- check-model: SKIPPED (no relevant changes)

--- check-model-api: SKIPPED (no relevant changes)

ci: all gates clean
