ci: changed run (changes since 0f94fe6b7b8388bf57f713384d0f2748e6d92b80)

--- doc-lint: SKIPPED (no relevant changes)

--- check-figures: SKIPPED (no relevant changes)

--- check-paths
check-paths: 0 finding(s) across 1214 path claim(s) in 1160 file(s)

--- check-shell-quoting
check-shell-quoting: no quote-in-default expansions

--- check-duplication
check-duplication: no clones (1037 files)

--- check-console-sheets: SKIPPED (no relevant changes)

--- check-gates
check-gates: 0 gate(s) without a suite, across 23 gate(s)

--- check-comments
check-comments: 0 finding(s) across 908 file(s)

--- check-knowledge
check-knowledge: 0 finding(s) across 0 landed row(s) and 0 heading(s) in 0 design doc(s)

--- check-roster: SKIPPED (no relevant changes)

--- shell suites
ci: cap 60s per suite, 120s total
  - .chug/tasks/check-random.test.sh
ci: suites finished in 4s

--- check-boundaries
check-boundaries: graph clean across 1057 module(s)

--- check-source static
  residue  : clean
  typecheck: clean
  browser  : clean
  lint     : clean
  format   : clean
check-source: 0 stage(s) failed, 5 run

--- check-source unit
  unit     : clean
check-source: unit ran 207 suite(s); 152 left to check-conformance, check-random, check-postgres, check-keto and check-console
check-source: 0 stage(s) failed, 1 run

--- check-console
check-console: 5 script(s) clean across 1 built console(s)

--- check-conformance
check-conformance: 11 golden(s), 190 step(s) replayed clean, records, states and bundle

--- check-random
check-random: 1 instance(s), 2000 run(s), 80000 step(s) walked clean against the bundle and the completion accumulator

--- check-postgres
check-postgres: reusing chuggy-check-postgres on port 55432
......................................
..........

............
.............
.................
........
.
..
....
.....
.......................
....
...........
...
.......................
................
......
..................
..................
....................
................
......
..
.........
.......
.........
...
.....
.....
................
................
........................

..........
..........
.....
..............
....
.......
....
.
.
........................
.....
.........
.......................
...........
...........................
.

......................
..
.........................
.....
....
...............................
..................
.........
..........................
...............
....
...
.
.....
...
.................
............
......
..........
.......................
...
...............................
..
....
......
.......
...............
...
.......
.........
......
....................
...................
......
....................
..................
....................
.....
....................
.
...
....................
.
......
..........
.......
check-postgres: 76 suite(s) clean against postgres:18-alpine with 4 worker(s)

--- check-queries
check-queries: reusing chuggy-check-postgres on port 55432
check-queries: src/adapters/postgres agrees with postgres:18-alpine

--- check-keto
check-keto: reusing chuggy-check-keto on ports 54466 and 54467
check-keto: reusing chuggy-check-postgres on port 55432
....................
.
check-keto: 4 suite(s) clean against oryd/keto:v26.2.0 and postgres:18-alpine

--- check-model
--- typecheck
--- unit suite
--- witnesses
--- refinement
--- invariants (randomized)
check-model: 0 failure(s), 114 test(s) run

--- check-model-api
check-model-api: generated API is current

ci: all gates clean
