ci: changed run (changes since 1e98658366d1f66e7e330511ca25a92eb83ac9f1)

--- doc-lint
doc-lint: 0 error(s), 0 warning(s) across 21 file(s)

--- check-figures
check-figures: 0 finding(s) across 103 file(s)

--- check-paths
check-paths: 0 finding(s) across 1221 path claim(s) in 1162 file(s)

--- check-shell-quoting: SKIPPED (no relevant changes)

--- check-duplication
check-duplication: no clones (1038 files)

--- check-console-sheets: SKIPPED (no relevant changes)

--- check-gates: SKIPPED (no relevant changes)

--- check-comments
check-comments: 0 finding(s) across 909 file(s)

--- check-knowledge: SKIPPED (no relevant changes)

--- check-roster: SKIPPED (no relevant changes)

--- shell suites
ci: no shell suites selected

--- check-boundaries
check-boundaries: graph clean across 1058 module(s)

--- check-source static
  residue  : clean
  typecheck: clean
  browser  : clean
  lint     : clean
  format   : clean
check-source: 0 stage(s) failed, 5 run

--- check-source unit
  unit     : clean
check-source: unit ran 207 suite(s); 152 left to check-conformance, check-random, check-postgres, check-keto and check-console
check-source: 0 stage(s) failed, 1 run

--- check-console
check-console: 5 script(s) clean across 1 built console(s)

--- check-conformance
check-conformance: 11 golden(s), 190 step(s) replayed clean, records, states and bundle

--- check-random
check-random: 1 instance(s), 2000 run(s), 80000 step(s) walked clean against the bundle and the completion accumulator

--- check-postgres
check-postgres: reusing chuggy-check-postgres on port 55432
..................................
.............
.
...........
..............
....................
.
.....
..
....
........
...................
......
........
....
..................................
...
...............
.........
.................................
.....
................
................
.
.
.........
.............
..
.
.....
..................
...............
........................

..........
............
..
...............
....
......

......
.
.....
...............
........
...........
.............................
...............................
........
.........
.
.......
.........................
...
......
...............................
..................
...
...................................
.............
...
........

.
..........
...................
..
.............
....
.....................
......
.............................
........
..
....
..............
....
........
......
.........
.....
....................
....................
.......
......
....................
..................
....................
.....
....................
.
...
....................
.
......
..........
.......
check-postgres: 76 suite(s) clean against postgres:18-alpine with 4 worker(s)

--- check-queries
check-queries: reusing chuggy-check-postgres on port 55432
check-queries: src/adapters/postgres agrees with postgres:18-alpine

--- check-keto
check-keto: reusing chuggy-check-keto on ports 54466 and 54467
check-keto: reusing chuggy-check-postgres on port 55432
....................
.
check-keto: 4 suite(s) clean against oryd/keto:v26.2.0 and postgres:18-alpine

--- check-model
--- typecheck
--- unit suite
--- witnesses
--- refinement
--- invariants (randomized)
check-model: 0 failure(s), 114 test(s) run

--- check-model-api
check-model-api: generated API is current

ci: all gates clean
