deploy-to-gtr: cloning gdoteof/chuggy-fabric
deploy-to-gtr: releasing b6e5b4fb over e78a93ce
deploy-to-gtr: gating b6e5b4fb with every gate
ci: full run (CHUG_CI_FULL=1)

--- doc-lint
doc-lint: 0 error(s), 0 warning(s) across 21 file(s)

--- check-figures
check-figures: 0 finding(s) across 104 file(s)

--- check-paths
check-paths: 0 finding(s) across 1250 path claim(s) in 1181 file(s)

--- check-shell-quoting
check-shell-quoting: no quote-in-default expansions

--- check-duplication
check-duplication: no clones (1054 files)

--- check-console-sheets
check-console-sheets: 0 finding(s) across 31 sheet(s)

--- check-gates
check-gates: 0 gate(s) without a suite, across 23 gate(s)

--- check-comments
check-comments: 0 finding(s) across 924 file(s)

--- check-knowledge
check-knowledge: 0 finding(s) across 0 landed row(s) and 0 heading(s) in 0 design doc(s)

--- check-roster
check-roster: 8 declared practice(s) resolve

--- shell suites
ci: cap 60s per suite, 900s total
  - .chug/tasks/check-boundaries.test.sh
  - .chug/tasks/check-comments.test.sh
  - .chug/tasks/check-conformance.test.sh
  - .chug/tasks/check-console-sheets.test.sh
  - .chug/tasks/check-console.test.sh
  - .chug/tasks/check-duplication.test.sh
  - .chug/tasks/check-figures.test.sh
  - .chug/tasks/check-gates.test.sh
  - .chug/tasks/check-keto.test.sh
  - .chug/tasks/check-knowledge.test.sh
  - .chug/tasks/check-model-api.test.sh
  - .chug/tasks/check-model.test.sh
  - .chug/tasks/check-paths.test.sh
  - .chug/tasks/check-postgres.test.sh
  - .chug/tasks/check-queries.test.sh
  - .chug/tasks/check-random.test.sh
  - .chug/tasks/check-roster.test.sh
  - .chug/tasks/check-shell-quoting.test.sh
  - .chug/tasks/check-source.test.sh
  - .chug/tasks/ci.test.sh
  - .chug/tasks/doc-lint.test.sh
  - .chug/tasks/emit-goldens.test.sh
  - .githooks/pre-commit.test.sh
  - deploy/rig/deploy-to-gtr.test.sh
  - deploy/rig/durability/rehearse.test.sh
  - deploy/rig/git/pre-receive.test.sh
  - deploy/rig/images/build-and-import.test.sh
ci: suites finished in 264s

--- check-boundaries
check-boundaries: graph clean across 1073 module(s)

--- check-source static
  residue  : clean
  typecheck: clean
  browser  : clean
  lint     : clean
  format   : clean
check-source: 0 stage(s) failed, 5 run

--- check-source unit
  unit     : clean
check-source: unit ran 210 suite(s); 155 left to check-conformance, check-random, check-postgres, check-keto and check-console
check-source: 0 stage(s) failed, 1 run

--- check-console
check-console: 5 script(s) clean across 1 built console(s)

--- check-conformance
check-conformance: 14 golden(s), 343 step(s) replayed clean, records, states and bundle

--- check-random
check-random: 1 instance(s), 2000 run(s), 80000 step(s) walked clean against the bundle and the completion accumulator

--- check-postgres
........................
......................
.
........
.................
.......
....
.....
............
........
.............
..............
...
.................................
..

....................
......
......................
.....
......................
.....
..........
..........
.......
..............
..........
.......

.........
...
........
.
......................

.
............................
.......
.......
.......................
.....
............
...............
.......
...........
..............
...
......
..............
...............
..
...................
........
.
..............
...........
...
.......
......
........
....
...................
....................

.................
.....................
...............
.....................
......
...
........
....
....................
.......................
....
........
.....................
.....................
.............
......
..........
.
....................
....................
....................
....................
.........
.......
....................
..................
....................
.....
....................
.
...
....................
.
......
.......
.......
..........
check-postgres: 78 suite(s) clean against the server CHUG_PG_URL names with 4 worker(s)

--- check-queries
check-queries: src/adapters/postgres agrees with the server CHUG_PG_URL names

--- check-keto
check-keto: reusing chuggy-check-keto on ports 54466 and 54467
....................
.
check-keto: 4 suite(s) clean against oryd/keto:v26.2.0 and the server CHUG_PG_URL names

--- check-model
--- typecheck
--- unit suite
--- witnesses
--- refinement
--- invariants (randomized)
check-model: 0 failure(s), 124 test(s) run

--- check-model-api
check-model-api: generated API is current

ci: all gates clean
deploy-to-gtr: building api:b6e5b4fb
--- registry.chuggy.internal/chuggy/api:b6e5b4fb
#0 building with "desktop-linux" instance using docker driver

#1 [internal] load build definition from Dockerfile
#1 transferring dockerfile: 6.09kB done
#1 DONE 0.0s

#2 [internal] load metadata for docker.io/library/node:26.7.0-trixie-slim@sha256:4ebb5ace66f15a24c14c492e01a8beeed4fddf970a856109f5126e703e5fe503
#2 DONE 0.9s

#3 [internal] load metadata for docker.io/library/node:26.7.0-trixie@sha256:40fd8249a701dab7431d15074ac4cf4f1c18eecd713807599cd76a7a6caad48b
#3 DONE 1.6s

#4 [internal] load .dockerignore
#4 transferring context: 266B done
#4 DONE 0.0s

#5 [dependencies 1/4] FROM docker.io/library/node:26.7.0-trixie-slim@sha256:4ebb5ace66f15a24c14c492e01a8beeed4fddf970a856109f5126e703e5fe503
#5 resolve docker.io/library/node:26.7.0-trixie-slim@sha256:4ebb5ace66f15a24c14c492e01a8beeed4fddf970a856109f5126e703e5fe503 0.0s done
#5 DONE 0.0s

#6 [certificates 1/1] FROM docker.io/library/node:26.7.0-trixie@sha256:40fd8249a701dab7431d15074ac4cf4f1c18eecd713807599cd76a7a6caad48b
#6 resolve docker.io/library/node:26.7.0-trixie@sha256:40fd8249a701dab7431d15074ac4cf4f1c18eecd713807599cd76a7a6caad48b 0.0s done
#6 DONE 0.0s

#7 [internal] load build context
#7 transferring context: 908.24kB 0.0s done
#7 DONE 0.0s

#8 [dependencies 2/4] WORKDIR /srv/chuggy
#8 CACHED

#9 [dependencies 3/4] COPY package.json package-lock.json ./
#9 CACHED

#10 [stage-2 2/7] COPY --from=certificates /etc/ssl/certs/ca-certificates.crt /tmp/seed-ca-certificates.crt
#10 CACHED

#11 [dependencies 4/4] RUN npm ci --omit=dev --ignore-scripts
#11 CACHED

#12 [stage-2 5/7] COPY --from=dependencies /srv/chuggy/node_modules ./node_modules
#12 CACHED

#13 [stage-2 3/7] RUN sed -i 's|http://deb.debian.org|https://deb.debian.org|g' 		/etc/apt/sources.list.d/debian.sources 	&& apt-get -o Acquire::https::CAInfo=/tmp/seed-ca-certificates.crt update 	&& apt-get -o Acquire::https::CAInfo=/tmp/seed-ca-certificates.crt 		install -y --no-install-recommends git ca-certificates 	&& rm -rf /var/lib/apt/lists/* /tmp/seed-ca-certificates.crt
#13 CACHED

#14 [stage-2 4/7] WORKDIR /srv/chuggy
#14 CACHED

#15 [stage-2 6/7] COPY package.json ./
#15 CACHED

#16 [stage-2 7/7] COPY src ./src
#16 DONE 0.1s

#17 exporting to image
#17 exporting layers 0.2s done
#17 exporting manifest sha256:a0faf466a524b07d7a8e1c7491e4f1535fe92bc98b38d40474b471e650ee9f6a done
#17 exporting config sha256:1617c029c24fb91a172053ee183e34361c5413804baccc9a48566b3f9bd27893 done
#17 naming to registry.chuggy.internal/chuggy/api:b6e5b4fb done
#17 DONE 0.2s
registry.chuggy.internal/chuggy/api:b6e5	saved	
application/vnd.docker.distribution.manifest.v2+json sha256:a0faf466a524b07d7a8e1c7491e4f1535fe92bc98b38d40474b471e650ee9f6a
Importing	elapsed: 165.3s	total:   0.0 B	(0.0 B/s)	
build-and-import: the node holds registry.chuggy.internal/chuggy/api:b6e5b4fb
build-and-import: every image named on this run is on the node at tag b6e5b4fb
deploy-to-gtr: building chuggy-ui:b6e5b4fb
--- registry.chuggy.internal/chuggy/chuggy-ui:b6e5b4fb
#0 building with "desktop-linux" instance using docker driver

#1 [internal] load build definition from Dockerfile
#1 transferring dockerfile: 2.19kB done
#1 DONE 0.0s

#2 [internal] load metadata for docker.io/library/node:26.7.0-trixie-slim@sha256:4ebb5ace66f15a24c14c492e01a8beeed4fddf970a856109f5126e703e5fe503
#2 DONE 0.0s

#3 [internal] load metadata for docker.io/library/nginx:1.31.4-alpine3.24@sha256:db35bfc6b2951e7f8a72db5db120288c127ffaeeb4a6d4b95a26fead017d5913
#3 DONE 0.7s

#4 [internal] load .dockerignore
#4 transferring context: 266B done
#4 DONE 0.0s

#5 [build 1/9] FROM docker.io/library/node:26.7.0-trixie-slim@sha256:4ebb5ace66f15a24c14c492e01a8beeed4fddf970a856109f5126e703e5fe503
#5 resolve docker.io/library/node:26.7.0-trixie-slim@sha256:4ebb5ace66f15a24c14c492e01a8beeed4fddf970a856109f5126e703e5fe503 0.0s done
#5 DONE 0.0s

#6 [stage-1 1/4] FROM docker.io/library/nginx:1.31.4-alpine3.24@sha256:db35bfc6b2951e7f8a72db5db120288c127ffaeeb4a6d4b95a26fead017d5913
#6 resolve docker.io/library/nginx:1.31.4-alpine3.24@sha256:db35bfc6b2951e7f8a72db5db120288c127ffaeeb4a6d4b95a26fead017d5913 0.0s done
#6 DONE 0.0s

#7 [internal] load build context
#7 transferring context: 3.26MB 0.1s done
#7 DONE 0.1s

#8 [build 2/9] WORKDIR /workspace
#8 CACHED

#9 [build 4/9] COPY ui/chuggy-ui/package.json ui/chuggy-ui/package.json
#9 CACHED

#10 [build 3/9] COPY package.json package-lock.json ./
#10 CACHED

#11 [build 5/9] RUN npm ci --ignore-scripts
#11 CACHED

#12 [build 6/9] COPY scripts/check-console-policy.ts scripts/console-policy.ts scripts/
#12 DONE 0.0s

#13 [build 7/9] COPY src/contract src/contract
#13 DONE 0.0s

#14 [build 8/9] COPY ui/chuggy-ui ui/chuggy-ui
#14 DONE 0.1s

#15 [build 9/9] RUN npm run build --workspace=chuggy-ui
#15 0.925 
#15 0.925 > build
#15 0.925 > vite build && node ../../scripts/check-console-policy.ts dist
#15 0.925 
#15 2.296 vite v8.2.2 building client environment for production...
#15 2.329 transforming...
#15 3.362 ✓ 1131 modules transformed.
#15 3.560 rendering chunks...
#15 3.724 computing gzip size...
#15 3.744 dist/index.html                     0.45 kB │ gzip:   0.29 kB
#15 3.744 dist/assets/index-Dh0HH9qn.css     38.98 kB │ gzip:   8.35 kB
#15 3.744 dist/assets/index-Oq9VhSFN.js   1,037.08 kB │ gzip: 310.57 kB
#15 3.744 
#15 3.745 ✓ built in 1.45s
#15 3.746 [plugin builtin:vite-reporter] 
#15 3.746 (!) Some chunks are larger than 500 kB after minification. Consider:
#15 3.746 - Using dynamic import() to code-split the application
#15 3.746 - Use build.rolldownOptions.output.codeSplitting to improve chunking: https://rolldown.rs/reference/OutputOptions.codeSplitting
#15 3.746 - Adjust chunk size limit for this warning via build.chunkSizeWarningLimit.
#15 4.824 check-console-policy: /workspace/ui/chuggy-ui/dist/index.html loads only same-origin files, and /workspace/ui/chuggy-ui/dist/assets/index-Dh0HH9qn.css declares properties, tokens, base, ui, page, utilities in that order
#15 4.872 npm notice
#15 4.872 npm notice New major version of npm available! 11.19.0 -> 12.1.0
#15 4.872 npm notice Changelog: https://github.com/npm/cli/releases/tag/v12.1.0
#15 4.872 npm notice To update run: npm install -g npm@12.1.0
#15 4.872 npm notice
#15 DONE 4.9s

#16 [stage-1 2/4] COPY images/chuggy-ui/nginx.conf /etc/nginx/nginx.conf
#16 CACHED

#17 [stage-1 3/4] COPY --from=build /workspace/ui/chuggy-ui/dist/ /usr/share/nginx/html/
#17 DONE 0.0s

#18 [stage-1 4/4] RUN mkdir -p /etc/chuggy/web
#18 DONE 0.1s

#19 exporting to image
#19 exporting layers 0.0s done
#19 exporting manifest sha256:ddcafc694efe9686f9cef399c0c2fb59cded2f450c58ce39dbb3427c7cf2f154 done
#19 exporting config sha256:f5933d652566ce7968854bf6746b96dc5dcd6d1c724b0165b2d64a41d4f74df7 done
#19 naming to registry.chuggy.internal/chuggy/chuggy-ui:b6e5b4fb done
#19 DONE 0.1s
registry.chuggy.internal/chuggy/chuggy u	saved	
application/vnd.docker.distribution.manifest.v2+json sha256:ddcafc694efe9686f9cef399c0c2fb59cded2f450c58ce39dbb3427c7cf2f154
Importing	elapsed: 41.1s	total:   0.0 B	(0.0 B/s)	
build-and-import: the node holds registry.chuggy.internal/chuggy/chuggy-ui:b6e5b4fb
build-and-import: every image named on this run is on the node at tag b6e5b4fb
deploy-to-gtr: api:b6e5b4fb is sha256:a0faf466a524b07d7a8e1c7491e4f1535fe92bc98b38d40474b471e650ee9f6a
deploy-to-gtr: web:chuggy-ui-b6e5b4fb is sha256:ddcafc694efe9686f9cef399c0c2fb59cded2f450c58ce39dbb3427c7cf2f154
remote: 
remote: Create a pull request for 'release/chuggy-b6e5b4fb' on GitHub by visiting:        
remote:      https://github.com/gdoteof/chuggy-fabric/pull/new/release/chuggy-b6e5b4fb        
remote: 
deploy-to-gtr: pull request https://github.com/gdoteof/chuggy-fabric/pull/295
deploy-to-gtr: not merged. Review it, then land it and roll it out with:
deploy-to-gtr:   CHUG_RIG_SSH=dev2@10.100.0.1 deploy/rig/deploy-to-gtr.sh --merge
