ci: changed run (changes since f8d6c8fd86f3e4ae7a31791d995ef632f3f5d647)

--- doc-lint
doc-lint: 0 error(s), 0 warning(s) across 21 file(s)

--- check-figures
check-figures: 0 finding(s) across 104 file(s)

--- check-paths
check-paths: 0 finding(s) across 1235 path claim(s) in 1168 file(s)

--- check-shell-quoting: SKIPPED (no relevant changes)

--- check-duplication
    [1mClone found (tsx)[22m
     - [1m[32m./ui/chuggy-ui/test/ticketSituation.test.tsx[39m[22m [90:23 - 119:41] (30 lines, 126 tokens)
       [1m[32m./ui/chuggy-ui/test/ticketSituation.test.tsx[39m[22m [144:22 - 173:41]
    [90m┌────────────┬────────────────┬─────────────┬──────────────┬──────────────┬──────────────────┬───────────────────┐[39m
    [90m│[39m[31m Format     [39m[90m│[39m[31m Files analyzed [39m[90m│[39m[31m Total lines [39m[90m│[39m[31m Total tokens [39m[90m│[39m[31m Clones found [39m[90m│[39m[31m Duplicated lines [39m[90m│[39m[31m Duplicated tokens [39m[90m│[39m
    [90m├────────────┼────────────────┼─────────────┼──────────────┼──────────────┼──────────────────┼───────────────────┤[39m
    [90m│[39m bash       [90m│[39m 61             [90m│[39m 12986       [90m│[39m 47084        [90m│[39m 0            [90m│[39m 0 (0.00%)        [90m│[39m 0 (0.00%)         [90m│[39m
    [90m├────────────┼────────────────┼─────────────┼──────────────┼──────────────┼──────────────────┼───────────────────┤[39m
    [90m│[39m css        [90m│[39m 29             [90m│[39m 2156        [90m│[39m 21588        [90m│[39m 0            [90m│[39m 0 (0.00%)        [90m│[39m 0 (0.00%)         [90m│[39m
    [90m├────────────┼────────────────┼─────────────┼──────────────┼──────────────┼──────────────────┼───────────────────┤[39m
    [90m│[39m javascript [90m│[39m 57             [90m│[39m 17389       [90m│[39m 87956        [90m│[39m 0            [90m│[39m 0 (0.00%)        [90m│[39m 0 (0.00%)         [90m│[39m
    [90m├────────────┼────────────────┼─────────────┼──────────────┼──────────────┼──────────────────┼───────────────────┤[39m
    [90m│[39m markup     [90m│[39m 1              [90m│[39m 13          [90m│[39m 90           [90m│[39m 0            [90m│[39m 0 (0.00%)        [90m│[39m 0 (0.00%)         [90m│[39m
    [90m├────────────┼────────────────┼─────────────┼──────────────┼──────────────┼──────────────────┼───────────────────┤[39m
    [90m│[39m sql        [90m│[39m 2              [90m│[39m 389         [90m│[39m 1234         [90m│[39m 0            [90m│[39m 0 (0.00%)        [90m│[39m 0 (0.00%)         [90m│[39m
    [90m├────────────┼────────────────┼─────────────┼──────────────┼──────────────┼──────────────────┼───────────────────┤[39m
    [90m│[39m tsx        [90m│[39m 143            [90m│[39m 28243       [90m│[39m 145323       [90m│[39m 1            [90m│[39m 29 (0.10%)       [90m│[39m 126 (0.09%)       [90m│[39m
    [90m├────────────┼────────────────┼─────────────┼──────────────┼──────────────┼──────────────────┼───────────────────┤[39m
    [90m│[39m typescript [90m│[39m 741            [90m│[39m 258152      [90m│[39m 1188940      [90m│[39m 0            [90m│[39m 0 (0.00%)        [90m│[39m 0 (0.00%)         [90m│[39m
    [90m├────────────┼────────────────┼─────────────┼──────────────┼──────────────┼──────────────────┼───────────────────┤[39m
    [90m│[39m yaml       [90m│[39m 8              [90m│[39m 562         [90m│[39m 1619         [90m│[39m 0            [90m│[39m 0 (0.00%)        [90m│[39m 0 (0.00%)         [90m│[39m
    [90m├────────────┼────────────────┼─────────────┼──────────────┼──────────────┼──────────────────┼───────────────────┤[39m
    [90m│[39m [1mTotal:[22m     [90m│[39m 1042           [90m│[39m 319890      [90m│[39m 1493834      [90m│[39m 1            [90m│[39m 29 (0.01%)       [90m│[39m 126 (0.01%)       [90m│[39m
    [90m└────────────┴────────────────┴─────────────┴──────────────┴──────────────┴──────────────────┴───────────────────┘[39m
    [90mFound 1 clones.[39m
    ERROR: jscpd found too many duplicates (0.0%) over threshold (0.0%)
    [90mtime: 161.443ms[39m
    
    [90m💡 Auto-refactor with AI: [1m[39mnpx skills add https://github.com/kucherenko/jscpd --skill dry-refactoring[90m[22m
    [90m🎩 New: Gangsta Agents — discipline your AI coding → gangsta.page[39m
    [90m💖 Support jscpd project → https://opencollective.com/jscpd[39m
check-duplication: clones found. Extract the shared part, or mark the
    region with `jscpd:ignore-start` AND a reason on that line.
ci: FAILED — check-duplication

--- check-console-sheets
check-console-sheets: 0 finding(s) across 31 sheet(s)

--- check-gates: SKIPPED (no relevant changes)

--- check-comments
check-comments: 0 finding(s) across 913 file(s)

--- check-knowledge: SKIPPED (no relevant changes)

--- check-roster: SKIPPED (no relevant changes)

--- shell suites
ci: no shell suites selected

--- check-boundaries
check-boundaries: graph clean across 1062 module(s)

--- check-source static
  residue  : clean
  typecheck: clean
  browser  : clean
  lint     : clean
  format   : clean
check-source: 0 stage(s) failed, 5 run

--- check-source unit
  unit     : clean
check-source: unit ran 208 suite(s); 152 left to check-conformance, check-random, check-postgres, check-keto and check-console
check-source: 0 stage(s) failed, 1 run

--- check-console
check-console: 5 script(s) clean across 1 built console(s)

--- check-conformance
check-conformance: 12 golden(s), 208 step(s) replayed clean, records, states and bundle

--- check-random
check-random: 1 instance(s), 2000 run(s), 80000 step(s) walked clean against the bundle and the completion accumulator

--- check-postgres
check-postgres: reusing chuggy-check-postgres on port 55432
..............................
...........
..............
...
...............
...........
.......
....
......
....
...................
........
....
......
.............................
...
................
....
....................
...........
.......................
...............
.....
...........
..
..............
...
.........
..........
.
...........
...............
.........................

........
.
................
...
...
...........
....
...........
.......
.
..
...............
...........
..
...........................................
........................
.......
..
................................
...

......................................
..
..
.....
.........................
.................................
....
.....
..............................
..
.........
....
..
...........
.
....
.......
...............
............
................
................
....
........
.........
.......
........
.........
....................
....................
...............
.......
....................
..................
....................
.....
....................
.
...
....................
.
......
..........
.......
check-postgres: 76 suite(s) clean against postgres:18-alpine with 4 worker(s)

--- check-queries
check-queries: reusing chuggy-check-postgres on port 55432
check-queries: src/adapters/postgres agrees with postgres:18-alpine

--- check-keto
check-keto: reusing chuggy-check-keto on ports 54466 and 54467
check-keto: reusing chuggy-check-postgres on port 55432
....................
.
check-keto: 4 suite(s) clean against oryd/keto:v26.2.0 and postgres:18-alpine

--- check-model
--- typecheck
--- unit suite
--- witnesses
--- refinement
--- invariants (randomized)
check-model: 0 failure(s), 123 test(s) run

--- check-model-api
check-model-api: generated API is current

ci: 1 gate(s) failed
