ci: full run (CHUG_CI_FULL=1)

--- doc-lint
doc-lint: 0 error(s), 0 warning(s) across 21 file(s)

--- check-figures
check-figures: 0 finding(s) across 103 file(s)

--- check-paths
check-paths: 0 finding(s) across 1223 path claim(s) in 1164 file(s)

--- check-shell-quoting
check-shell-quoting: no quote-in-default expansions

--- check-duplication
    [1mClone found (typescript)[22m
     - [1m[32m./test/interpreter/i3.test.ts[39m[22m [265:43 - 277:4] (13 lines, 111 tokens)
       [1m[32m./test/interpreter/i3.test.ts[39m[22m [302:31 - 314:4]
    [90m┌────────────┬────────────────┬─────────────┬──────────────┬──────────────┬──────────────────┬───────────────────┐[39m
    [90m│[39m[31m Format     [39m[90m│[39m[31m Files analyzed [39m[90m│[39m[31m Total lines [39m[90m│[39m[31m Total tokens [39m[90m│[39m[31m Clones found [39m[90m│[39m[31m Duplicated lines [39m[90m│[39m[31m Duplicated tokens [39m[90m│[39m
    [90m├────────────┼────────────────┼─────────────┼──────────────┼──────────────┼──────────────────┼───────────────────┤[39m
    [90m│[39m bash       [90m│[39m 61             [90m│[39m 12986       [90m│[39m 47084        [90m│[39m 0            [90m│[39m 0 (0.00%)        [90m│[39m 0 (0.00%)         [90m│[39m
    [90m├────────────┼────────────────┼─────────────┼──────────────┼──────────────┼──────────────────┼───────────────────┤[39m
    [90m│[39m css        [90m│[39m 29             [90m│[39m 2148        [90m│[39m 21546        [90m│[39m 0            [90m│[39m 0 (0.00%)        [90m│[39m 0 (0.00%)         [90m│[39m
    [90m├────────────┼────────────────┼─────────────┼──────────────┼──────────────┼──────────────────┼───────────────────┤[39m
    [90m│[39m javascript [90m│[39m 57             [90m│[39m 17389       [90m│[39m 87956        [90m│[39m 0            [90m│[39m 0 (0.00%)        [90m│[39m 0 (0.00%)         [90m│[39m
    [90m├────────────┼────────────────┼─────────────┼──────────────┼──────────────┼──────────────────┼───────────────────┤[39m
    [90m│[39m markup     [90m│[39m 1              [90m│[39m 13          [90m│[39m 90           [90m│[39m 0            [90m│[39m 0 (0.00%)        [90m│[39m 0 (0.00%)         [90m│[39m
    [90m├────────────┼────────────────┼─────────────┼──────────────┼──────────────┼──────────────────┼───────────────────┤[39m
    [90m│[39m sql        [90m│[39m 2              [90m│[39m 389         [90m│[39m 1234         [90m│[39m 0            [90m│[39m 0 (0.00%)        [90m│[39m 0 (0.00%)         [90m│[39m
    [90m├────────────┼────────────────┼─────────────┼──────────────┼──────────────┼──────────────────┼───────────────────┤[39m
    [90m│[39m tsx        [90m│[39m 143            [90m│[39m 27996       [90m│[39m 144081       [90m│[39m 0            [90m│[39m 0 (0.00%)        [90m│[39m 0 (0.00%)         [90m│[39m
    [90m├────────────┼────────────────┼─────────────┼──────────────┼──────────────┼──────────────────┼───────────────────┤[39m
    [90m│[39m typescript [90m│[39m 739            [90m│[39m 255181      [90m│[39m 1178508      [90m│[39m 1            [90m│[39m 12 (0.00%)       [90m│[39m 111 (0.01%)       [90m│[39m
    [90m├────────────┼────────────────┼─────────────┼──────────────┼──────────────┼──────────────────┼───────────────────┤[39m
    [90m│[39m yaml       [90m│[39m 8              [90m│[39m 562         [90m│[39m 1619         [90m│[39m 0            [90m│[39m 0 (0.00%)        [90m│[39m 0 (0.00%)         [90m│[39m
    [90m├────────────┼────────────────┼─────────────┼──────────────┼──────────────┼──────────────────┼───────────────────┤[39m
    [90m│[39m [1mTotal:[22m     [90m│[39m 1040           [90m│[39m 316664      [90m│[39m 1482118      [90m│[39m 1            [90m│[39m 12 (0.00%)       [90m│[39m 111 (0.01%)       [90m│[39m
    [90m└────────────┴────────────────┴─────────────┴──────────────┴──────────────┴──────────────────┴───────────────────┘[39m
    [90mFound 1 clones.[39m
    ERROR: jscpd found too many duplicates (0.0%) over threshold (0.0%)
    [90mtime: 59.641ms[39m
    
    [90m💡 Auto-refactor with AI: [1m[39mnpx skills add https://github.com/kucherenko/jscpd --skill dry-refactoring[90m[22m
    [90m🎩 New: Gangsta Agents — discipline your AI coding → gangsta.page[39m
    [90m💖 Support jscpd project → https://opencollective.com/jscpd[39m
check-duplication: clones found. Extract the shared part, or mark the
    region with `jscpd:ignore-start` AND a reason on that line.
ci: FAILED — check-duplication

--- check-console-sheets
check-console-sheets: 0 finding(s) across 31 sheet(s)

--- check-gates
check-gates: 0 gate(s) without a suite, across 23 gate(s)

--- check-comments
check-comments: 0 finding(s) across 911 file(s)

--- check-knowledge
check-knowledge: 0 finding(s) across 0 landed row(s) and 0 heading(s) in 0 design doc(s)

--- check-roster
check-roster: 8 declared practice(s) resolve

--- shell suites
ci: cap 60s per suite, 120s total
  - .chug/tasks/check-boundaries.test.sh
  - .chug/tasks/check-comments.test.sh
  - .chug/tasks/check-conformance.test.sh
  - .chug/tasks/check-console-sheets.test.sh
  - .chug/tasks/check-console.test.sh
  - .chug/tasks/check-duplication.test.sh
  - .chug/tasks/check-figures.test.sh
  - .chug/tasks/check-gates.test.sh
  - .chug/tasks/check-keto.test.sh
  - .chug/tasks/check-knowledge.test.sh
  - .chug/tasks/check-model-api.test.sh
  - .chug/tasks/check-model.test.sh
  - .chug/tasks/check-paths.test.sh
  - .chug/tasks/check-postgres.test.sh
  - .chug/tasks/check-queries.test.sh
  - .chug/tasks/check-random.test.sh
  - .chug/tasks/check-roster.test.sh
  - .chug/tasks/check-shell-quoting.test.sh
  - .chug/tasks/check-source.test.sh
  - .chug/tasks/ci.test.sh
  - .chug/tasks/doc-lint.test.sh
  - .chug/tasks/emit-goldens.test.sh
  - .githooks/pre-commit.test.sh
  - deploy/rig/deploy-to-gtr.test.sh
  - deploy/rig/durability/rehearse.test.sh
  - deploy/rig/git/pre-receive.test.sh
  - deploy/rig/images/build-and-import.test.sh
ci: suites finished in 110s

--- check-boundaries
check-boundaries: graph clean across 1060 module(s)

--- check-source static
  residue  : clean
  typecheck: clean
  browser  : clean
  lint     : clean
  format   : clean
check-source: 0 stage(s) failed, 5 run

--- check-source unit
  unit     : clean
check-source: unit ran 208 suite(s); 152 left to check-conformance, check-random, check-postgres, check-keto and check-console
check-source: 0 stage(s) failed, 1 run

--- check-console
check-console: 5 script(s) clean across 1 built console(s)

--- check-conformance
check-conformance: 11 golden(s), 189 step(s) replayed clean, records, states and bundle

--- check-random
check-random: 1 instance(s), 2000 run(s), 80000 step(s) walked clean against the bundle and the completion accumulator

--- check-postgres
check-postgres: reusing chuggy-check-postgres on port 55432
....................................
........
.....
............
............
..................
..........


....
.......
...................
......
............
.....
...................
...................
....
.......................
.........
.............................
.........
..
.......
............
.....
........
.
.......
........
.............
................
........................

..........
..
..............
...........
.....
..........
.
.
.
.................................
.
...
......................
...

..................
....................
....................
.................
..
...............................
...
................
...............
...........
.............................
.............
...
......
...
...
.....................
......
..
........
.........
.................
.........
.........................
............
...
......
.........
......
........
.......
........
........
....................
....................
...........
.......
....................
..................
....................
.....
....................
.
...
....................
.
......
..........
.......
check-postgres: 76 suite(s) clean against postgres:18-alpine with 4 worker(s)

--- check-queries
check-queries: reusing chuggy-check-postgres on port 55432
check-queries: src/adapters/postgres agrees with postgres:18-alpine

--- check-keto
check-keto: reusing chuggy-check-keto on ports 54466 and 54467
check-keto: reusing chuggy-check-postgres on port 55432
....................
.
check-keto: 4 suite(s) clean against oryd/keto:v26.2.0 and postgres:18-alpine

--- check-model
--- typecheck
--- unit suite
--- witnesses
--- refinement
--- invariants (randomized)
check-model: 0 failure(s), 115 test(s) run

--- check-model-api
check-model-api: generated API is current

ci: 1 gate(s) failed
ci exit 1
