check-postgres: reusing chuggy-check-postgres on port 55432
..........................................
.....
.
............
.............
.......................

...
..
....
......
.....................
.....
............
.
..........................
................
...
..................
......................
................
................
.....
....
.........
.......
........
....
.......
..
.................
................
........................

..........
...
...............
.............
.
..........
..
..
..
...........................
.....
.......
..................
..
.........
.........
.....................
.....................
................
..
..................................
.
...............
...
.........................................
...
............
.............
...
..
.
.....
.........
................
.........
.................
..................
...
...............................
.......
.
....
.........
.........
........
......
.........
......
....................
.............
......
....................
..................
....................
.....
....................
.
...
....................
.
......
..........
.......
check-postgres: 76 suite(s) clean against postgres:18-alpine with 4 worker(s)
