=== .chug/tasks/ci.test.sh
ok   - all gates clean exits 0 (rc=0)
ok   - CHUG_CI_SHELL_SUITES=0 skips the suite stage (rc=0)
ok   - the default run uses change selection (rc=0)
ok   - CHUG_CI_FULL forces every gate (rc=0)
ok   - the forced run executes the model gate (rc=0)
ok   - a resolved base activates a changed run (rc=0)
ok   - a docs-only change skips the model (rc=0)
ok   - a docs-only change still runs doc-lint (rc=0)
ok   - a source-only change skips Quint (rc=0)
ok   - a source-only change selects static checks (rc=0)
ok   - a script-only change runs the suites, not just the static checks (rc=0)
ok   - a script-only change still skips Quint (rc=0)
ok   - a postgres harness change selects the authority gate (rc=0)
ok   - a model change selects Quint (rc=0)
ok   - a model change selects model API generation (rc=0)
ok   - an absent base falls back to a full run (rc=0)
ok   - the fallback explains the unresolved base (rc=0)
ok   - a gate finding exits 1 (rc=1)
ok   - a gate that could not run exits 2 (rc=2)
ok   - could-not-run is reported as not a pass (rc=2)
ok   - a missing named gate exits 2, not 0 (rc=2)
ok   - the missing gate is named (rc=2)
ok   - a non-executable named gate exits 2, not 0 (rc=2)
ok   - the non-executable gate is named (rc=2)
ok   - a failing suite fails the run (rc=1)
ok   - a passing suite leaves the run clean (rc=0)
ok   - an exhausted budget names the suites it skipped (rc=1)
ok   - the skipped suite is named, not just counted (rc=1)
ok   - no suites found exits 2, not 0 (rc=2)
ok   - outside a git checkout exits 2, not 0 (rc=2)
ci.test.sh: 30 passed, 0 failed
=== .chug/tasks/doc-lint.test.sh
ok   - clean doc passes (rc=0)
ok   - fenced content is not linted (rc=0)
ok   - trailing whitespace warns, does not fail (rc=0)
ok   - a non-markdown argument is skipped (rc=0)
ok   - the tally counts the docs that were read (rc=0)
ok   - heading without a space fails (rc=1)
ok   - unclosed fence fails (rc=1)
ok   - broken relative link fails and names the target (rc=1)
ok   - external and mailto links are skipped (rc=0)
ok   - anchor-only link is skipped (rc=0)
ok   - design filename without a seq fails (rc=1)
ok   - design filename with an uppercase slug fails (rc=1)
ok   - a nested subdirectory is not a design doc (rc=0)
ok   - well-named design doc passes rule 3 (rc=0)
ok   - whole-tree mode lints every tracked doc (rc=1)
ok   - --emit-links normalizes to a repo-relative path (rc=0)
ok   - --emit-links does not judge a dangling target (rc=0)
ok   - outside a git checkout exits 2, not 0 (rc=2)
doc-lint.test.sh: 18 passed, 0 failed
=== .chug/tasks/emit-goldens.test.sh
ok   - no manifest exits 2, not 0 (rc=2)
ok   - a manifest listing nothing exits 2, not 0 (rc=2)
ok   - an unreadable manifest exits 2, not 0 (rc=2)
ok   - a name matching no row exits 2, not 0 (rc=2)
ok   - a row regenerates (rc=0)
ok   - two regenerations are byte-identical
ok   - the wall clock is normalised out
ok   - the dated description is normalised out
ok   - "format" is kept
ok   - "source" is kept
ok   - "status" is kept
ok   - the per-state index is kept
ok   - a regenerated golden is already in the formatter's shape
ok   - an aim that is never met is a failure, not a shorter corpus (rc=1)
emit-goldens.test.sh: 14 passed, 0 failed
=== .githooks/pre-commit.test.sh
ok   - clean gates allow the commit (rc=0)
ok   - a finding rejects the commit (rc=1)
ok   - the gate's output is shown to the author (rc=1)
ok   - could-not-run does not block the commit (rc=0)
ok   - could-not-run still names the full check (rc=0)
ok   - a merge in progress skips the hook (rc=0)
ok   - a missing named gate stops the commit (rc=2)
ok   - the count of unrunnable gates is reported (rc=2)
ok   - a non-executable named gate stops the commit (rc=2)
ok   - both conditions keep the stricter verdict (rc=2)
ok   - the rejection is still reported beside it (rc=2)
ok   - outside a checkout the hook fails open (rc=0)
pre-commit.test.sh: 12 passed, 0 failed
=== deploy/rig/deploy-to-gtr.test.sh
ok   - an unknown argument is refused (rc=2)
ok   - an unknown argument reaches no tool (rc=2)
ok   - no node is refused (rc=2)
ok   - no node reaches no tool (rc=2)
ok   - a dirty tree is refused (rc=2)
ok   - a dirty tree reaches no tool (rc=2)
ok   - a HEAD main does not have is refused (rc=2)
ok   - an unpushed HEAD builds nothing (rc=2)
ok   - a HEAD the rig already runs is nothing to release (rc=0)
ok   - nothing to release builds nothing (rc=0)
ok   - a node that does not answer is refused (rc=2)
ok   - a silent node is refused before the gate (rc=2)
ok   - a push this identity may not make is refused (rc=2)
ok   - a denied push is refused before the gate (rc=2)
ok   - a denied push builds nothing (rc=2)
ok   - a push this identity may make is rehearsed dry and then gated (rc=0)
ok   - a console change releases (rc=0)
ok   - a console change builds the console image (rc=0)
ok   - a console change builds only the console (rc=0)
ok   - the console is published under the web repository (rc=0)
ok   - the release is not merged by this run (rc=0)
ok   - the console manifest selects the registry's digest (rc=0)
ok   - the api manifest keeps its digest (rc=0)
ok   - the source commit moves on every manifest (rc=0)
ok   - no manifest keeps the old source commit (rc=0)
ok   - the migrate Job is renamed after the release (rc=0)
ok   - the migrate ServiceAccount is not renamed (rc=0)
ok   - the init container is left alone (rc=0)
ok   - the pull request says the api did not move (rc=0)
ok   - the pull request carries the commits (rc=0)
ok   - the pull request says no migration is applied (rc=0)
ok   - the pull request reports the gate (rc=0)
ok   - a server change builds the api (rc=0)
ok   - a server change builds only the api (rc=0)
ok   - the gate is not handed the builder's prefix (rc=0)
ok   - every control-plane manifest selects the new api (rc=0)
ok   - the console keeps its digest on a server change (rc=0)
ok   - a contract change rebuilds the api and the console (rc=0)
ok   - a worker change is reported (rc=0)
ok   - a worker change builds nothing here (rc=0)
ok   - a worker change still moves the source commit (rc=0)
ok   - the pull request names the migration (rc=0)
ok   - the pull request says a restore is the way back (rc=0)
ok   - a gate finding stops the release (rc=1)
ok   - a failed gate builds nothing (rc=1)
ok   - a gate that could not run is not a pass (rc=2)
ok   - the gate can be skipped, and says so (rc=0)
ok   - a skipped gate is not run (rc=0)
ok   - the pull request says the gate was skipped (rc=0)
ok   - an image that did not reach the node is a finding (rc=1)
ok   - an unbuilt image is not pushed (rc=1)
ok   - a push that failed is a finding (rc=1)
ok   - a registry that answers no digest is a finding (rc=1)
ok   - no digest opens no pull request (rc=1)
ok   - no digest pushes no fabric branch (rc=1)
ok   - a malformed digest is a finding (rc=1)
ok   - the fabric's consistency check is obeyed (rc=1)
ok   - a refused release is not pushed (rc=1)
ok   - a consistency check that could not run is not a refusal (rc=2)
ok   - an unchecked release is not pushed (rc=2)
ok   - manifests that do not render are a finding (rc=1)
ok   - merging without a pull request is refused (rc=2)
ok   - no pull request merges nothing (rc=2)
ok   - a pull request that selects another commit is refused (rc=2)
ok   - another commit's pull request is not merged (rc=2)
ok   - a live worker pod refuses the rollout (rc=1)
ok   - a live attempt is not merged over (rc=1)
ok   - a live session pod refuses the rollout (rc=1)
ok   - a worker pod and a session pod together refuse the rollout (rc=1)
ok   - a pod that is no attempt does not refuse the rollout (rc=0)
ok   - a pod that is no attempt is merged over (rc=0)
ok   - an unreadable work namespace could not run (rc=2)
ok   - an unreadable namespace is not merged over (rc=2)
ok   - a live execution row refuses the rollout (rc=1)
ok   - an unreadable execution count could not run (rc=2)
ok   - an unreadable count is not merged over (rc=2)
ok   - a migration with nowhere to keep the dump is refused (rc=2)
ok   - no dump means no merge (rc=2)
ok   - a dump that is not an archive could not run (rc=2)
ok   - a dump that is not an archive is not merged over (rc=2)
ok   - a migration release dumps before it merges (rc=0)
ok   - the dump is the archive the server wrote (rc=0)
ok   - the globals are dumped beside it (rc=0)
ok   - the dump precedes the merge (rc=0)
ok   - a release with no migration merges without a dump (rc=0)
ok   - the merge is the fabric's (rc=0)
ok   - the source is asked to reconcile (rc=0)
ok   - then the applications are (rc=0)
ok   - the migrate Job is waited on by its release name (rc=0)
ok   - each managed Deployment is rolled out (rc=0)
ok   - a Deployment with no manifest is not held to one (rc=0)
ok   - the merge precedes the reconcile (rc=0)
ok   - a Deployment off its manifest's image is a finding (rc=1)
ok   - the count of stale Deployments is reported (rc=1)
ok   - a migrate Job that did not complete is a finding (rc=1)
ok   - a rollout that did not complete is a finding (rc=1)
ok   - a merge that failed is a finding (rc=1)
ok   - console with merge is refused (rc=2)
ok   - console with merge reaches no tool (rc=2)
ok   - a change that moves the api is not a console release (rc=2)
ok   - a refused console release runs no gate (rc=2)
ok   - a refused console release builds nothing (rc=2)
ok   - a migration moves the api and is not a console release (rc=2)
ok   - a change the console does not serve is no console release (rc=2)
sed: 2: "/tmp/tmp.QKJuks4uWq/rig ...": undefined label 'mp.QKJuks4uWq/rig-at/cluster/apps/chuggy-api.yaml'
=== deploy/rig/durability/rehearse.test.sh
ok   - the stub leaves stdin alone for a -i behind the -- (rc=0)
ok   - the stub takes stdin for a -i ahead of the -- (rc=0)
ok   - an archive the rest of the host can read is refused (rc=2)
ok   - a widened archive reaches nothing (rc=2)
ok   - destroy without a receipt refuses (rc=2)
ok   - destroy without a receipt reaches nothing (rc=2)
ok   - destroy refuses when the dump is gone and the receipt is not (rc=2)
ok   - destroy with no dump reaches nothing (rc=2)
ok   - destroy refuses an empty dump (rc=2)
ok   - destroy with an empty dump reaches nothing (rc=2)
ok   - destroy refuses a digest that is not hex (rc=2)
ok   - destroy with no hex digest reaches nothing (rc=2)
ok   - destroy refuses a receipt naming no digest (rc=2)
ok   - destroy with an unnamed digest reaches nothing (rc=2)
ok   - destroy refuses a receipt written for another dump (rc=2)
ok   - destroy with the wrong digest reaches nothing (rc=2)
ok   - destroy accepts the receipt for the dump that is there (rc=1)
ok   - destroy takes the refusal the server gives it (rc=0)
ok   - a connection destroy could not make leaves as a finding (rc=1)
ok   - a statement the server refused leaves as a finding (rc=1)
ok   - verify refuses when snapshot recorded no installation authority (rc=2)
ok   - verify without an authority reaches nothing (rc=2)
ok   - verify rejects a missing restored installation authority (rc=1)
ok   - verify rejects a changed installation authority (rc=1)
ok   - epoch refuses an inventory with no recovery_epoch row count (rc=2)
ok   - epoch with nothing to derive reaches nothing (rc=2)
ok   - epoch derives before it establishes (rc=2)
ok   - the derivation adds one recovery_epoch row (rc=2)
ok   - the derivation moves nothing else (rc=2)
ok   - the derivation reaches nothing (rc=2)
ok   - epoch refuses a host with no uuid source (rc=2)
ok   - a host with no uuid source reaches nothing (rc=2)
ok   - restore refuses when there is no live inventory to compare against (rc=2)
ok   - restore with nothing to compare against reaches nothing (rc=2)
ok   - restore refuses when snapshot recorded no partition (rc=2)
ok   - restore without a partition reaches nothing (rc=2)
ok   - restore refuses a partition naming only the tenant (rc=2)
ok   - restore with half a partition reaches nothing (rc=2)
ok   - restore refuses a partition naming only the project (rc=2)
ok   - restore with the other half reaches nothing (rc=2)
ok   - restore refuses when snapshot recorded no installation authority (rc=2)
ok   - restore without an authority reaches nothing (rc=2)
ok   - restore rejects a missing installation authority (rc=1)
ok   - restore rejects a changed installation authority (rc=1)
ok   - restore accepts a live inventory and a partition naming both fields (rc=1)
ok   - teardown reads the drop back before the pod goes (rc=0)
ok   - teardown says the drop is gone from pg_database (rc=0)
ok   - teardown refuses a scratch database that survived the drop (rc=1)
ok   - teardown says so when no session can be opened (rc=0)
ok   - teardown reads nothing back through a session that never opened (rc=0)
rehearse.test.sh: 50 passed, 0 failed
=== deploy/rig/git/pre-receive.test.sh
ok   - the mirror moves main (rc=0)
ok   - the mirror creates main on an empty repository (rc=0)
ok   - the mirror rewrites main onto unrelated history (rc=0)
ok   - the mirror may not create a branch beside main (rc=1)
ok   - the branch beside main is not there (rc=1)
ok   - the mirror may not delete main (rc=1)
ok   - main survives the attempted delete (rc=1)
ok   - the mirror may not push a tag (rc=1)
ok   - one refused ref refuses the push whole (rc=1)
ok   - the mirror may not move rig.git's main (rc=1)
ok   - rig.git's main is where it was (rc=1)
ok   - the mirror may not push any ref to rig.git (rc=1)
ok   - the worker creates an attempt branch (rc=0)
ok   - the worker may not move main (rc=1)
ok   - main survives the worker's push (rc=1)
ok   - the worker's attempt branch is no rig.git exception (rc=0)
ok   - the worker may not delete an attempt branch (rc=1)
ok   - the worker may not move an attempt branch it made (rc=1)
ok   - the attempt branch keeps what it was created at (rc=1)
ok   - the worker may not name an attempt something else (rc=1)
ok   - a named user the hook says nothing about moves rig.git's main (rc=0)
ok   - an unnamed pusher makes the branch the mirror may not (rc=0)
pre-receive.test.sh: 22 passed, 0 failed
=== deploy/rig/images/build-and-import.test.sh
ok   - no image named is refused (rc=2)
ok   - no image named reaches no tool (rc=2)
ok   - an image with no Dockerfile is refused (rc=2)
ok   - an unbuildable name reaches no tool (rc=2)
ok   - an unbuildable image refuses the whole run (rc=2)
ok   - an unbuildable image leaves its neighbour unbuilt (rc=2)
ok   - a dirty tree refuses to derive a tag (rc=2)
ok   - a dirty tree reaches no tool (rc=2)
ok   - a dirty tree builds under a tag that claims no commit (rc=0)
ok   - a clean tree derives the tag from HEAD (rc=0)
ok   - the prefix is the caller's to change (rc=0)
ok   - the build names the node's architecture (rc=0)
ok   - the build asks for no attestation (rc=0)
ok   - the platform is the caller's to change (rc=0)
ok   - a build that failed is a finding (rc=1)
ok   - a build that failed is not saved (rc=1)
ok   - an empty archive is a finding (rc=1)
ok   - an empty archive is never imported (rc=1)
ok   - an import the node did not take is a finding (rc=1)
ok   - an import that took nothing was still attempted (rc=1)
ok   - an import the node took is clean (rc=0)
ok   - an import that failed onto a tag the node already held is a finding (rc=1)
ok   - an import that failed onto a tag the node lacks is a finding (rc=1)
ok   - a node that cannot be asked could not run (rc=2)
ok   - a node that cannot be asked is not called clean (rc=2)
ok   - a different tag on the same repository is not a match (rc=1)
ok   - with no ssh destination the import is this host's (rc=0)
ok   - an ssh destination is where the import goes (rc=0)
ok   - no builder on PATH could not run (rc=2)
build-and-import.test.sh: 29 passed, 0 failed
