ci: full run (CHUG_CI_FULL=1)

--- doc-lint
doc-lint: 0 error(s), 0 warning(s) across 21 file(s)

--- check-figures
check-figures: 0 finding(s) across 104 file(s)

--- check-paths
check-paths: 0 finding(s) across 1269 path claim(s) in 1196 file(s)

--- check-shell-quoting
check-shell-quoting: no quote-in-default expansions

--- check-duplication
check-duplication: no clones (1062 files)

--- check-console-sheets
check-console-sheets: 0 finding(s) across 31 sheet(s)

--- check-gates
check-gates: 0 gate(s) without a suite, across 23 gate(s)

--- check-comments
check-comments: 0 finding(s) across 932 file(s)

--- check-knowledge
check-knowledge: 0 finding(s) across 0 landed row(s) and 0 heading(s) in 0 design doc(s)

--- check-roster
check-roster: 8 declared practice(s) resolve

--- shell suites
ci: cap 60s per suite, 900s total
  - .chug/tasks/check-boundaries.test.sh
  - .chug/tasks/check-comments.test.sh
  - .chug/tasks/check-conformance.test.sh
  - .chug/tasks/check-console-sheets.test.sh
  - .chug/tasks/check-console.test.sh
  - .chug/tasks/check-duplication.test.sh
  - .chug/tasks/check-figures.test.sh
  - .chug/tasks/check-gates.test.sh
  - .chug/tasks/check-keto.test.sh
  - .chug/tasks/check-knowledge.test.sh
  - .chug/tasks/check-model-api.test.sh
  - .chug/tasks/check-model.test.sh
  - .chug/tasks/check-paths.test.sh
  - .chug/tasks/check-postgres.test.sh
  - .chug/tasks/check-queries.test.sh
  - .chug/tasks/check-random.test.sh
  - .chug/tasks/check-roster.test.sh
  - .chug/tasks/check-shell-quoting.test.sh
  - .chug/tasks/check-source.test.sh
  - .chug/tasks/ci.test.sh
  - .chug/tasks/doc-lint.test.sh
  - .chug/tasks/emit-goldens.test.sh
  - .githooks/pre-commit.test.sh
  - deploy/rig/deploy-to-gtr.test.sh
  - deploy/rig/durability/rehearse.test.sh
  - deploy/rig/git/pre-receive.test.sh
  - deploy/rig/images/build-and-import.test.sh
ci: suites finished in 332s

--- check-boundaries
check-boundaries: graph clean across 1082 module(s)

--- check-source static
  residue  : clean
  typecheck: clean
  browser  : clean
  lint     : clean
  format   : clean
check-source: 0 stage(s) failed, 5 run

--- check-source unit
  unit     : clean
check-source: unit ran 211 suite(s); 156 left to check-conformance, check-random, check-postgres, check-keto and check-console
check-source: 0 stage(s) failed, 1 run

--- check-console
check-console: 5 script(s) clean across 1 built console(s)

--- check-conformance
check-conformance: 20 golden(s), 430 step(s) replayed clean, records, states and bundle

--- check-random
check-random: 1 instance(s), 2000 run(s), 80000 step(s) walked clean against the bundle and the completion accumulator

--- check-postgres
.............
.................................
.
........
.................
.............

....
..............
...
.......
.................
..........
...
.........
..........................
...
..................
....
..........................
....
........................
...............
..
...........
.........
...........
.
...........
........
.......
.
..........
...
...
...............
.........
................
...
...................
.................
..
....................
.
....
.....................
.............
...
.....
....
..................
............
...................
.
.........
..........
.....
...............
.
.......
.....................
.............
................

.
.................
.....................
...............
.....................
......
...
........
.....
....................
.......................
....
........
.....................
....................
..............
.......
..........
.
....................
....................
....................
....................
..................
.......
....................
..................
....................
.....
....................
.
...
....................
.
......
.......
.......
..........
check-postgres: 78 suite(s) clean against the server CHUG_PG_URL names with 4 worker(s)

--- check-queries
check-queries: src/adapters/postgres agrees with the server CHUG_PG_URL names

--- check-keto
check-keto: reusing chuggy-check-keto on ports 54466 and 54467
....................
.
check-keto: 4 suite(s) clean against oryd/keto:v26.2.0 and the server CHUG_PG_URL names

--- check-model
--- typecheck
--- unit suite
--- witnesses
--- refinement
--- invariants (randomized)
check-model: 0 failure(s), 128 test(s) run

--- check-model-api
check-model-api: generated API is current

ci: all gates clean
